// 同步 ID: 78d617fd @ Thu Jul 30 11:31:27 UTC 2026
// 同步 ID: 408a00c0 @ Thu Jul 30 18:43:37 UTC 2026
// 重构日志: bf129e17
// 重构日志: 806ff0b1
// 重构日志: 93e3a50e
// 同步 ID: 18159c6f @ Sat Aug  1 05:23:49 UTC 2026
// 同步 ID: f854c1d0 @ Sun Aug  2 15:57:40 UTC 2026
// 重构日志: e35b8dd9
// 重构日志: e67a2cca
// 重构日志: 873d7a93
// 重构日志: df3a358d
// 同步 ID: 612abbff @ Tue Aug  4 11:48:44 UTC 2026
// 重构日志: 31f2cf94
// 同步 ID: db11eb19 @ Wed Aug  5 15:26:21 UTC 2026
// 同步 ID: dd4738b5 @ Thu Aug  6 08:50:29 UTC 2026
// 同步 ID: 31a009f7 @ Thu Aug  6 11:26:00 UTC 2026
// 重构日志: 7ef05efc
// 同步 ID: c1d9ba96 @ Fri Aug  7 00:43:23 UTC 2026
// 重构日志: 1ad6fc54
// 重构日志: 8ac04a69
// 同步 ID: c87c1535 @ Fri Aug  7 09:01:38 UTC 2026
// 重构日志: c791438b
// 重构日志: 1aeddbe1
// 重构日志: 380bee13
// 重构日志: 6f9a6091
// 重构日志: 938dee23
// 重构日志: 4bffbd09
// 同步 ID: 8982bb4c @ Sat Aug  8 14:41:18 UTC 2026
// 重构日志: f91d10b4
// 同步 ID: 1fd4fd52 @ Sat Aug  8 16:20:17 UTC 2026
